arvore k-d gerada
tabela pi para a palavra: ababaababca:
'a': 0
'b': 0
'a': 1
'b': 2
'a': 3
'a': 1
'b': 2
'a': 3
'b': 4
'c': 0
'a': 1
tabela pi para a palavra: ababbababa:
'a': 0
'b': 0
'a': 1
'b': 2
'b': 0
'a': 1
'b': 2
'a': 3
'b': 4
'a': 3
tabela pi para a palavra: abcabcd:
'a': 0
'b': 0
'c': 0
'a': 1
'b': 2
'c': 3
'd': 0
tabela pi para a palavra: aabaaab:
'a': 0
'a': 1
'b': 0
'a': 1
'a': 2
'a': 2
'b': 3
tabela pi para a palavra: abababababaaaabacacacacacabade:
'a': 0
'b': 0
'a': 1
'b': 2
'a': 3
'b': 4
'a': 5
'b': 6
'a': 7
'b': 8
'a': 9
'a': 1
'a': 1
'a': 1
'b': 2
'a': 3
'c': 0
'a': 1
'c': 0
'a': 1
'c': 0
'a': 1
'c': 0
'a': 1
'c': 0
'a': 1
'b': 2
'a': 3
'd': 0
'e': 0
