arvore k-d gerada
palavra: aba
titulo: livro de alberto
autor: alberto quatro
ano: 1955
palavra: aba
titulo: livro de jose
autor: jose um
ano: 1950
palavra: aba
titulo: livro de maria
autor: maria dois
ano: 1974
